../Core/Src/main.c:97:5:main	39
../Core/Src/main.c:419:6:SystemClock_Config	4
../Core/Src/main.c:466:13:MX_I2C1_Init	2
../Core/Src/main.c:500:13:MX_I2C2_Init	2
../Core/Src/main.c:534:13:MX_SPI1_Init	2
../Core/Src/main.c:572:13:MX_SPI2_Init	2
../Core/Src/main.c:610:13:MX_USART1_UART_Init	2
../Core/Src/main.c:643:13:MX_USB_PCD_Init	2
../Core/Src/main.c:674:13:MX_GPIO_Init	1
../Core/Src/main.c:752:6:read_flash	3
../Core/Src/main.c:761:19:write_flash	4
../Core/Src/main.c:785:19:erase_flash	1
../Core/Src/main.c:807:6:Error_Handler	1
