../Core/Src/main.c:97:5:main	32	static
../Core/Src/main.c:419:6:SystemClock_Config	88	static
../Core/Src/main.c:466:13:MX_I2C1_Init	8	static
../Core/Src/main.c:500:13:MX_I2C2_Init	8	static
../Core/Src/main.c:534:13:MX_SPI1_Init	8	static
../Core/Src/main.c:572:13:MX_SPI2_Init	8	static
../Core/Src/main.c:610:13:MX_USART1_UART_Init	8	static
../Core/Src/main.c:643:13:MX_USB_PCD_Init	8	static
../Core/Src/main.c:674:13:MX_GPIO_Init	40	static
../Core/Src/main.c:752:6:read_flash	16	static
../Core/Src/main.c:761:19:write_flash	80	static
../Core/Src/main.c:785:19:erase_flash	32	static
../Core/Src/main.c:807:6:Error_Handler	4	static,ignoring_inline_asm
